(<guid_0>) user NewName kunmartin55 NewNumber New@gmail.com
