[(<guid_0>) Discover Oslo's Charm Oslo, Norway 2 2500 Norwegian 10 https://www.example.com/oslo-city.jpg 0]
