[
    {
        "id": "<guid_0>",
        "username": "username",
        "password": "password",
        "phoneNumber": 12345678,
        "emailAddress": "user_@gmail.com"
    }
]
