(<guid_0>) user NewName password NewNumber New@gmail.com
