[
    {
        "pictureURL": "https://www.hdwallpaper.nu/wp-content/uploads/2015/05/colosseum-1436103.jpg",
        "language": "English",
        "destination": "Italy",
        "title": "A tour through italy",
        "duration": 4,
        "cost": 255,
        "max_travelers": 20,
        "booked": 0,
        "tour_Id": "<guid_0>"
    }
]
