[(<guid_0>) user MartinB kunmartin55 12345678 MartinB_@gmail.com, (<guid_1>) guide Ole1999 Ole345 87654321 Ole1999_@yahoo.com, (<guid_2>) Admin KariMarie Kari987 8763548 KariM_@hotmail.com]
