[(5194d52d-3a5e-46d1-82fa-a56cf1360866) Welcome to Lofoten Lofoten, Norway 3 3674 English 20 https://www.thonhotels.no/siteassets/artikler/lofoten/nordlys-lofoten-1.jpg 0]
