(<guid_0>) user MartinB kunmartin55 12345678 MartinB_@gmail.com
