[(<guid_0>) Welcome to Dubai Dubai 4 255 English 15 https://www.hdwallpaper.nu/wp-content/uploads/2015/05/colosseum-1436103.jpg 0, (<guid_1>) Discover Oslo's Charm Oslo, Norway 2 2500 Norwegian 10 https://www.example.com/oslo-city.jpg 0]
