[(5194d52d-3a5e-46d1-82fa-a56cf1360866) Welcome to Lofoten Lofoten, Norway 3 3674 English 20 https://www.thonhotels.no/siteassets/artikler/lofoten/nordlys-lofoten-1.jpg 0, (81c3e1e2-958e-4ae9-a200-fea510aec62d) Welcome to Lofoten Lofoten, Norway 3 200 English 20 https://www.thonhotels.no/siteassets/artikler/lofoten/nordlys-lofoten-1.jpg 0]
