(<guid_0>) user username password 12345678 user_@gmail.com
